Copyright 1986-2022 Xilinx, Inc. All Rights Reserved. Copyright 2022-2025 Advanced Micro Devices, Inc. All Rights Reserved.
-------------------------------------------------------------------------------------------------------------------------------------------------
| Tool Version     : Vivado v.2025.1 (lin64) Build 6140274 Wed May 21 22:58:25 MDT 2025
| Date             : Sun May 24 18:06:22 2026
| Host             : Vinniny running 64-bit Ubuntu 22.04.5 LTS
| Command          : report_power -file /home/vinniny/vivado_projects/cgra_vtpg/impl_power.rpt
| Design           : base_wrapper
| Device           : xc7z020clg400-1
| Design State     : routed
| Grade            : commercial
| Process          : typical
| Characterization : Production
-------------------------------------------------------------------------------------------------------------------------------------------------

Power Report

Table of Contents
-----------------
1. Summary
1.1 On-Chip Components
1.2 Power Supply Summary
1.3 Confidence Level
2. Settings
2.1 Environment
2.2 Clock Constraints
3. Detailed Reports
3.1 By Hierarchy

1. Summary
----------

+--------------------------+--------------+
| Total On-Chip Power (W)  | 2.489        |
| Design Power Budget (W)  | Unspecified* |
| Power Budget Margin (W)  | NA           |
| Dynamic (W)              | 2.315        |
| Device Static (W)        | 0.174        |
| Effective TJA (C/W)      | 11.5         |
| Max Ambient (C)          | 56.3         |
| Junction Temperature (C) | 53.7         |
| Confidence Level         | Low          |
| Setting File             | ---          |
| Simulation Activity File | ---          |
| Design Nets Matched      | NA           |
+--------------------------+--------------+
* Specify Design Power Budget using, set_operating_conditions -design_power_budget <value in Watts>


1.1 On-Chip Components
----------------------

+--------------------------+-----------+----------+-----------+-----------------+
| On-Chip                  | Power (W) | Used     | Available | Utilization (%) |
+--------------------------+-----------+----------+-----------+-----------------+
| Clocks                   |     0.138 |       17 |       --- |             --- |
| Slice Logic              |     0.127 |    94455 |       --- |             --- |
|   LUT as Logic           |     0.110 |    41621 |     53200 |           78.23 |
|   CARRY4                 |     0.008 |     3619 |     13300 |           27.21 |
|   Register               |     0.006 |    34827 |    106400 |           32.73 |
|   LUT as Distributed RAM |    <0.001 |      810 |     17400 |            4.66 |
|   LUT as Shift Register  |    <0.001 |      534 |     17400 |            3.07 |
|   F7/F8 Muxes            |    <0.001 |      393 |     53200 |            0.74 |
|   Others                 |    <0.001 |     1933 |       --- |             --- |
| Signals                  |     0.177 |    78531 |       --- |             --- |
| Block RAM                |     0.060 |     48.5 |       140 |           34.64 |
| MMCM                     |     0.300 |        3 |         4 |           75.00 |
| DSPs                     |     0.070 |      178 |       220 |           80.91 |
| I/O                      |     0.178 |       45 |       125 |           36.00 |
| PS7                      |     1.266 |        1 |       --- |             --- |
| Static Power             |     0.174 |          |           |                 |
| Total                    |     2.489 |          |           |                 |
+--------------------------+-----------+----------+-----------+-----------------+


1.2 Power Supply Summary
------------------------

+-----------+-------------+-----------+-------------+------------+-------------+-------------+------------+
| Source    | Voltage (V) | Total (A) | Dynamic (A) | Static (A) | Powerup (A) | Budget (A)  | Margin (A) |
+-----------+-------------+-----------+-------------+------------+-------------+-------------+------------+
| Vccint    |       1.000 |     0.599 |       0.575 |      0.024 |       NA    | Unspecified | NA         |
| Vccaux    |       1.800 |     0.201 |       0.182 |      0.019 |       NA    | Unspecified | NA         |
| Vcco33    |       3.300 |     0.044 |       0.043 |      0.001 |       NA    | Unspecified | NA         |
| Vcco25    |       2.500 |     0.000 |       0.000 |      0.000 |       NA    | Unspecified | NA         |
| Vcco18    |       1.800 |     0.000 |       0.000 |      0.000 |       NA    | Unspecified | NA         |
| Vcco15    |       1.500 |     0.000 |       0.000 |      0.000 |       NA    | Unspecified | NA         |
| Vcco135   |       1.350 |     0.000 |       0.000 |      0.000 |       NA    | Unspecified | NA         |
| Vcco12    |       1.200 |     0.000 |       0.000 |      0.000 |       NA    | Unspecified | NA         |
| Vccaux_io |       1.800 |     0.000 |       0.000 |      0.000 |       NA    | Unspecified | NA         |
| Vccbram   |       1.000 |     0.010 |       0.005 |      0.006 |       NA    | Unspecified | NA         |
| MGTAVcc   |       1.000 |     0.000 |       0.000 |      0.000 |       NA    | Unspecified | NA         |
| MGTAVtt   |       1.200 |     0.000 |       0.000 |      0.000 |       NA    | Unspecified | NA         |
| MGTVccaux |       1.800 |     0.000 |       0.000 |      0.000 |       NA    | Unspecified | NA         |
| Vccpint   |       1.000 |     0.698 |       0.657 |      0.041 |       NA    | Unspecified | NA         |
| Vccpaux   |       1.800 |     0.037 |       0.026 |      0.010 |       NA    | Unspecified | NA         |
| Vccpll    |       1.800 |     0.017 |       0.014 |      0.003 |       NA    | Unspecified | NA         |
| Vcco_ddr  |       1.500 |     0.354 |       0.352 |      0.002 |       NA    | Unspecified | NA         |
| Vcco_mio0 |       1.800 |     0.004 |       0.003 |      0.001 |       NA    | Unspecified | NA         |
| Vcco_mio1 |       1.800 |     0.003 |       0.002 |      0.001 |       NA    | Unspecified | NA         |
| Vccadc    |       1.800 |     0.020 |       0.000 |      0.020 |       NA    | Unspecified | NA         |
+-----------+-------------+-----------+-------------+------------+-------------+-------------+------------+


1.3 Confidence Level
--------------------

+-----------------------------+------------+--------------------------------------------------------+------------------------------------------------------------------------------------------------------------+
| User Input Data             | Confidence | Details                                                | Action                                                                                                     |
+-----------------------------+------------+--------------------------------------------------------+------------------------------------------------------------------------------------------------------------+
| Design implementation state | High       | Design is routed                                       |                                                                                                            |
| Clock nodes activity        | High       | User specified more than 95% of clocks                 |                                                                                                            |
| I/O nodes activity          | Low        | More than 75% of inputs are missing user specification | Provide missing input activity with simulation results or by editing the "By Resource Type -> I/Os" view   |
| Internal nodes activity     | Medium     | User specified less than 25% of internal nodes         | Provide missing internal nodes activity with simulation results or by editing the "By Resource Type" views |
| Device models               | High       | Device models are Production                           |                                                                                                            |
|                             |            |                                                        |                                                                                                            |
| Overall confidence level    | Low        |                                                        |                                                                                                            |
+-----------------------------+------------+--------------------------------------------------------+------------------------------------------------------------------------------------------------------------+


2. Settings
-----------

2.1 Environment
---------------

+-----------------------+------------------------+
| Ambient Temp (C)      | 25.0                   |
| ThetaJA (C/W)         | 11.5                   |
| Airflow (LFM)         | 250                    |
| Heat Sink             | none                   |
| ThetaSA (C/W)         | 0.0                    |
| Board Selection       | medium (10"x10")       |
| # of Board Layers     | 8to11 (8 to 11 Layers) |
| Board Temperature (C) | 25.0                   |
+-----------------------+------------------------+


2.2 Clock Constraints
---------------------

+-------------------------------+-------------------------------------------------------------------------------+-----------------+
| Clock                         | Domain                                                                        | Constraint (ns) |
+-------------------------------+-------------------------------------------------------------------------------+-----------------+
| CLKFBIN                       | base_i/video/hdmi_in/frontend/dvi2rgb_0/U0/TMDS_ClockingX/CLKFBIN             |             8.3 |
| CLK_OUT_5x_hdmi_clk           | base_i/video/hdmi_in/frontend/dvi2rgb_0/U0/TMDS_ClockingX/CLK_OUT_5x_hdmi_clk |             1.7 |
| I                             | base_i/video/hdmi_out/frontend/axi_dynclk/U0/Inst_mmcme2_drp/I                |             2.0 |
| I                             | base_i/video/hdmi_out/frontend/axi_dynclk/U0/PXL_CLK_5X_O                     |             2.0 |
| axi_dynclk_0_PXL_CLK_O        | base_i/video/hdmi_out/frontend/axi_dynclk/U0/PXL_CLK_O                        |            10.0 |
| clk_fpga_0                    | base_i/ps7_0/inst/FCLK_CLK0                                                   |            10.0 |
| clk_fpga_0                    | base_i/ps7_0/inst/FCLK_CLK_unbuffered[0]                                      |            10.0 |
| clk_fpga_1                    | base_i/ps7_0/inst/FCLK_CLK_unbuffered[1]                                      |             7.0 |
| clk_fpga_2                    | base_i/ps7_0/inst/FCLK_CLK_unbuffered[2]                                      |             5.0 |
| clk_fpga_3                    | base_i/ps7_0/inst/FCLK_CLK_unbuffered[3]                                      |            20.0 |
| clk_out1_base_clk_wiz_10MHz_0 | base_i/clk_wiz_10MHz/inst/clk_out1_base_clk_wiz_10MHz_0                       |           100.0 |
| clkfbout_base_clk_wiz_10MHz_0 | base_i/clk_wiz_10MHz/inst/clkfbout_base_clk_wiz_10MHz_0                       |            20.0 |
| hdmi_in_PixelClk              | base_i/video/hdmi_in/frontend/dvi2rgb_0/U0/TMDS_ClockingX/PixelClkBuffer_0    |             8.3 |
| hdmi_in_clk_p                 | hdmi_in_clk_p                                                                 |             8.3 |
| mmcm_fbclk_out                | base_i/video/hdmi_out/frontend/axi_dynclk/U0/Inst_mmcme2_drp/mmcm_fbclk_out   |            10.0 |
+-------------------------------+-------------------------------------------------------------------------------+-----------------+


3. Detailed Reports
-------------------

3.1 By Hierarchy
----------------

+--------------------------+-----------+
| Name                     | Power (W) |
+--------------------------+-----------+
| base_wrapper             |     2.315 |
|   IIC_1_scl_iobuf        |     0.005 |
|   IIC_1_sda_iobuf        |     0.005 |
|   base_i                 |     2.303 |
|     audio_codec_ctrl_0   |     0.002 |
|       U0                 |     0.002 |
|     axis_switch_in       |     0.002 |
|       inst               |     0.002 |
|     cgra_top_0           |     0.289 |
|       inst               |     0.289 |
|     clk_wiz_10MHz        |     0.107 |
|       inst               |     0.107 |
|     ps7_0                |     1.268 |
|       inst               |     1.268 |
|     ps7_0_axi_periph     |     0.015 |
|       m08_couplers       |     0.001 |
|       m09_couplers       |     0.002 |
|       s00_couplers       |     0.007 |
|       xbar               |     0.001 |
|     smartconnect_cgra    |     0.012 |
|       inst               |     0.012 |
|     system_interrupts    |     0.001 |
|       U0                 |     0.001 |
|     v_tpg_test_0         |     0.077 |
|       inst               |     0.077 |
|     video                |     0.527 |
|       axi_interconnect_0 |     0.013 |
|       axi_mem_intercon   |     0.006 |
|       axi_vdma           |     0.030 |
|       hdmi_in            |     0.180 |
|       hdmi_out           |     0.296 |
+--------------------------+-----------+


